// Jest Snapshot v1, https://goo.gl/fbAQLP

exports[`Rendered BaseComponent 1`] = `
<div
  className="base-component"
>
  <h1>
    Hello World
  </h1>
</div>
`;
